// Jest Snapshot v1, https://goo.gl/fbAQLP

exports[`<App /> renders a Root component 1`] = `
<div>
  <div>
    <div
      class="sc-AxjAm ijigQT"
      data-testid="header"
    />
    <h1>
      Home
    </h1>
    <input
      type="search"
    />
    <a
      href="/products"
    >
      Products
    </a>
  </div>
</div>
`;
